2026-07-26 21:51:42,016 INFO o.a.j.u.JMeterUtils: Setting Locale to en_EN
2026-07-26 21:51:42,050 INFO o.a.j.JMeter: Loading user properties from: C:\apache-jmeter-5.6.3\bin\user.properties
2026-07-26 21:51:42,051 INFO o.a.j.JMeter: Loading system properties from: C:\apache-jmeter-5.6.3\bin\system.properties
2026-07-26 21:51:42,069 INFO o.a.j.JMeter: Copyright (c) 1998-2024 The Apache Software Foundation
2026-07-26 21:51:42,069 INFO o.a.j.JMeter: Version 5.6.3
2026-07-26 21:51:42,069 INFO o.a.j.JMeter: java.version=24.0.1
2026-07-26 21:51:42,070 INFO o.a.j.JMeter: java.vm.name=Java HotSpot(TM) 64-Bit Server VM
2026-07-26 21:51:42,070 INFO o.a.j.JMeter: os.name=Windows 11
2026-07-26 21:51:42,070 INFO o.a.j.JMeter: os.arch=amd64
2026-07-26 21:51:42,081 INFO o.a.j.JMeter: os.version=10.0
2026-07-26 21:51:42,081 INFO o.a.j.JMeter: file.encoding=UTF-8
2026-07-26 21:51:42,081 INFO o.a.j.JMeter: java.awt.headless=true
2026-07-26 21:51:42,081 INFO o.a.j.JMeter: Max memory     =1073741824
2026-07-26 21:51:42,081 INFO o.a.j.JMeter: Available Processors =4
2026-07-26 21:51:42,102 INFO o.a.j.JMeter: Default Locale=English (EN)
2026-07-26 21:51:42,105 INFO o.a.j.JMeter: JMeter  Locale=English (EN)
2026-07-26 21:51:42,105 INFO o.a.j.JMeter: JMeterHome=C:\apache-jmeter-5.6.3
2026-07-26 21:51:42,105 INFO o.a.j.JMeter: user.dir  =D:\Data andre\Kerja\Technical Test\Brighty\jmeter
2026-07-26 21:51:42,106 INFO o.a.j.JMeter: PWD       =D:\Data andre\Kerja\Technical Test\Brighty\jmeter
2026-07-26 21:51:47,600 INFO o.a.j.JMeter: IP: 192.168.56.1 Name: LAPTOP-T2IUCE3A FullName: LAPTOP-T2IUCE3A
2026-07-26 21:51:47,633 INFO o.a.j.JMeter: Setting property 'jmeter.reportgenerator.outputdir' to:'D:\Data andre\Kerja\Technical Test\Brighty\jmeter\report'
2026-07-26 21:51:47,641 INFO o.a.j.r.d.ReportGenerator: ReportGenerator will use for Parsing the separator: ','
2026-07-26 21:51:47,641 INFO o.a.j.r.d.ReportGenerator: Will only generate report from results file: D:\Data andre\Kerja\Technical Test\Brighty\jmeter\result.jtl
2026-07-26 21:51:47,642 INFO o.a.j.r.d.ReportGenerator: Reading report generator properties from: C:\apache-jmeter-5.6.3\bin\reportgenerator.properties
2026-07-26 21:51:47,666 INFO o.a.j.r.d.ReportGenerator: Merging with JMeter properties
2026-07-26 21:51:47,675 INFO o.a.j.r.c.ReportGeneratorConfiguration: Property 'jmeter.reportgenerator.temp_dir' not found, using default value 'temp' instead.
2026-07-26 21:51:47,679 INFO o.a.j.r.c.ReportGeneratorConfiguration: Property 'jmeter.reportgenerator.apdex_per_transaction' not found, using default value 'null' instead.
2026-07-26 21:51:47,700 INFO o.a.j.r.c.ReportGeneratorConfiguration: apdex_per_transaction is empty, not APDEX per transaction customization
2026-07-26 21:51:47,700 INFO o.a.j.r.c.ReportGeneratorConfiguration: Property 'jmeter.reportgenerator.sample_filter' not found, using default value 'null' instead.
2026-07-26 21:51:47,700 INFO o.a.j.r.c.ReportGeneratorConfiguration: Property 'jmeter.reportgenerator.report_title' not found, using default value 'null' instead.
2026-07-26 21:51:47,700 INFO o.a.j.r.c.ReportGeneratorConfiguration: Property 'jmeter.reportgenerator.start_date' not found, using default value 'null' instead.
2026-07-26 21:51:47,700 INFO o.a.j.r.c.ReportGeneratorConfiguration: Property 'jmeter.reportgenerator.end_date' not found, using default value 'null' instead.
2026-07-26 21:51:47,700 INFO o.a.j.r.c.ReportGeneratorConfiguration: Property 'jmeter.reportgenerator.date_format' not found, using default value 'null' instead.
2026-07-26 21:51:47,701 INFO o.a.j.r.c.ReportGeneratorConfiguration: Will use date range start date: null, end date: null
2026-07-26 21:51:47,709 INFO o.a.j.r.c.ReportGeneratorConfiguration: Property 'jmeter.reportgenerator.graph.totalTPS.exclude_controllers' not found, using default value 'false' instead.
2026-07-26 21:51:47,709 INFO o.a.j.r.c.ReportGeneratorConfiguration: Property 'jmeter.reportgenerator.graph.activeThreadsOverTime.exclude_controllers' not found, using default value 'false' instead.
2026-07-26 21:51:47,709 INFO o.a.j.r.c.ReportGeneratorConfiguration: Property 'jmeter.reportgenerator.graph.timeVsThreads.exclude_controllers' not found, using default value 'false' instead.
2026-07-26 21:51:47,710 INFO o.a.j.r.c.ReportGeneratorConfiguration: Property 'jmeter.reportgenerator.graph.responseTimeDistribution.exclude_controllers' not found, using default value 'false' instead.
2026-07-26 21:51:47,710 INFO o.a.j.r.c.ReportGeneratorConfiguration: Property 'jmeter.reportgenerator.graph.transactionsPerSecond.exclude_controllers' not found, using default value 'false' instead.
2026-07-26 21:51:47,710 INFO o.a.j.r.c.ReportGeneratorConfiguration: Property 'jmeter.reportgenerator.graph.responseTimePercentiles.exclude_controllers' not found, using default value 'false' instead.
2026-07-26 21:51:47,710 INFO o.a.j.r.c.ReportGeneratorConfiguration: Property 'jmeter.reportgenerator.graph.responseTimePercentilesOverTime.exclude_controllers' not found, using default value 'false' instead.
2026-07-26 21:51:47,710 INFO o.a.j.r.c.ReportGeneratorConfiguration: Property 'jmeter.reportgenerator.graph.responseTimesOverTime.exclude_controllers' not found, using default value 'false' instead.
2026-07-26 21:51:47,710 INFO o.a.j.r.c.ReportGeneratorConfiguration: Property 'jmeter.reportgenerator.graph.connectTimeOverTime.exclude_controllers' not found, using default value 'false' instead.
2026-07-26 21:51:47,711 INFO o.a.j.r.c.ReportGeneratorConfiguration: Property 'jmeter.reportgenerator.graph.latenciesOverTime.exclude_controllers' not found, using default value 'false' instead.
2026-07-26 21:51:47,712 INFO o.a.j.r.c.ReportGeneratorConfiguration: Property 'jmeter.reportgenerator.exporter.json.filters_only_sample_series' not found, using default value 'true' instead.
2026-07-26 21:51:47,712 INFO o.a.j.r.c.ReportGeneratorConfiguration: Property 'jmeter.reportgenerator.exporter.json.series_filter' not found, using default value '' instead.
2026-07-26 21:51:47,712 INFO o.a.j.r.c.ReportGeneratorConfiguration: Property 'jmeter.reportgenerator.exporter.json.show_controllers_only' not found, using default value 'false' instead.
2026-07-26 21:51:47,713 INFO o.a.j.r.c.ReportGeneratorConfiguration: Property 'jmeter.reportgenerator.exporter.html.filters_only_sample_series' not found, using default value 'true' instead.
2026-07-26 21:51:47,713 INFO o.a.j.r.c.ReportGeneratorConfiguration: Property 'jmeter.reportgenerator.exporter.html.series_filter' not found, using default value '' instead.
2026-07-26 21:51:47,713 INFO o.a.j.r.c.ReportGeneratorConfiguration: Property 'jmeter.reportgenerator.exporter.html.show_controllers_only' not found, using default value 'false' instead.
2026-07-26 21:51:48,252 INFO o.a.j.s.SaveService: Testplan (JMX) version: 2.2. Testlog (JTL) version: 2.2
2026-07-26 21:51:48,315 INFO o.a.j.s.SaveService: Using SaveService properties version 5.0
2026-07-26 21:51:48,321 INFO o.a.j.s.SaveService: Using SaveService properties file encoding UTF-8
2026-07-26 21:51:48,377 INFO o.a.j.r.p.NormalizerSampleConsumer: Using format, 'ms', to parse timeStamp field
2026-07-26 21:51:48,602 INFO o.a.j.r.p.AbstractSampleConsumer: class org.apache.jmeter.report.processor.AggregateConsumer#stopProducing(): beginDate produced 0 samples
2026-07-26 21:51:48,602 INFO o.a.j.r.p.AbstractSampleConsumer: class org.apache.jmeter.report.processor.AggregateConsumer#stopProducing(): endDate produced 0 samples
2026-07-26 21:51:48,611 INFO o.a.j.r.p.AbstractSampleConsumer: class org.apache.jmeter.report.processor.ApdexSummaryConsumer#stopProducing(): apdexSummary produced 0 samples
2026-07-26 21:51:48,611 INFO o.a.j.r.p.AbstractSampleConsumer: class org.apache.jmeter.report.processor.RequestsSummaryConsumer#stopProducing(): requestsSummary produced 0 samples
2026-07-26 21:51:48,622 INFO o.a.j.r.p.AbstractSampleConsumer: class org.apache.jmeter.report.processor.StatisticsSummaryConsumer#stopProducing(): statisticsSummary produced 0 samples
2026-07-26 21:51:48,625 INFO o.a.j.r.p.AbstractSampleConsumer: class org.apache.jmeter.report.processor.Top5ErrorsBySamplerConsumer#stopProducing(): top5ErrorsBySampler produced 0 samples
2026-07-26 21:51:48,625 INFO o.a.j.r.p.AbstractSampleConsumer: class org.apache.jmeter.report.processor.ErrorsSummaryConsumer#stopProducing(): errorsSummary produced 0 samples
2026-07-26 21:51:48,625 INFO o.a.j.r.p.AbstractSampleConsumer: class org.apache.jmeter.report.processor.graph.impl.HitsPerSecondGraphConsumer#stopProducing(): hitsPerSecond produced 0 samples
2026-07-26 21:51:48,678 INFO o.a.j.r.p.AbstractSampleConsumer: class org.apache.jmeter.report.processor.graph.impl.LatencyVSRequestGraphConsumer#stopProducing(): latencyVsRequest produced 0 samples
2026-07-26 21:51:48,679 INFO o.a.j.r.p.AbstractSampleConsumer: class org.apache.jmeter.report.processor.graph.impl.SyntheticResponseTimeDistributionGraphConsumer#stopProducing(): syntheticResponseTimeDistribution produced 0 samples
2026-07-26 21:51:48,679 INFO o.a.j.r.p.AbstractSampleConsumer: class org.apache.jmeter.report.processor.graph.impl.BytesThroughputGraphConsumer#stopProducing(): bytesThroughputOverTime produced 0 samples
2026-07-26 21:51:48,679 INFO o.a.j.r.p.AbstractSampleConsumer: class org.apache.jmeter.report.processor.graph.impl.CodesPerSecondGraphConsumer#stopProducing(): codesPerSecond produced 0 samples
2026-07-26 21:51:48,756 INFO o.a.j.r.p.AbstractSampleConsumer: class org.apache.jmeter.report.processor.graph.impl.ResponseTimeVSRequestGraphConsumer#stopProducing(): responseTimeVsRequest produced 0 samples
2026-07-26 21:51:48,757 INFO o.a.j.r.p.AbstractSampleConsumer: class org.apache.jmeter.report.processor.FilterConsumer#stopProducing(): startIntervalControlerFilter produced 1400 samples
2026-07-26 21:51:48,758 INFO o.a.j.r.p.AbstractSampleConsumer: class org.apache.jmeter.report.processor.graph.impl.TotalTPSGraphConsumer#stopProducing(): totalTPS produced 0 samples
2026-07-26 21:51:48,760 INFO o.a.j.r.p.AbstractSampleConsumer: class org.apache.jmeter.report.processor.graph.impl.ActiveThreadsGraphConsumer#stopProducing(): activeThreadsOverTime produced 0 samples
2026-07-26 21:51:48,761 INFO o.a.j.r.p.AbstractSampleConsumer: class org.apache.jmeter.report.processor.graph.impl.TimeVSThreadGraphConsumer#stopProducing(): timeVsThreads produced 0 samples
2026-07-26 21:51:48,761 INFO o.a.j.r.p.AbstractSampleConsumer: class org.apache.jmeter.report.processor.graph.impl.ResponseTimeDistributionGraphConsumer#stopProducing(): responseTimeDistribution produced 0 samples
2026-07-26 21:51:48,762 INFO o.a.j.r.p.AbstractSampleConsumer: class org.apache.jmeter.report.processor.graph.impl.TransactionsPerSecondGraphConsumer#stopProducing(): transactionsPerSecond produced 0 samples
2026-07-26 21:51:48,762 INFO o.a.j.r.p.AbstractSampleConsumer: class org.apache.jmeter.report.processor.graph.impl.ResponseTimePercentilesGraphConsumer#stopProducing(): responseTimePercentiles produced 0 samples
2026-07-26 21:51:48,766 INFO o.a.j.r.p.AbstractSampleConsumer: class org.apache.jmeter.report.processor.graph.impl.ResponseTimePercentilesOverTimeGraphConsumer#stopProducing(): responseTimePercentilesOverTime produced 0 samples
2026-07-26 21:51:48,766 INFO o.a.j.r.p.AbstractSampleConsumer: class org.apache.jmeter.report.processor.graph.impl.ResponseTimeOverTimeGraphConsumer#stopProducing(): responseTimesOverTime produced 0 samples
2026-07-26 21:51:48,766 INFO o.a.j.r.p.AbstractSampleConsumer: class org.apache.jmeter.report.processor.graph.impl.ConnectTimeOverTimeGraphConsumer#stopProducing(): connectTimeOverTime produced 0 samples
2026-07-26 21:51:48,766 INFO o.a.j.r.p.AbstractSampleConsumer: class org.apache.jmeter.report.processor.graph.impl.LatencyOverTimeGraphConsumer#stopProducing(): latenciesOverTime produced 0 samples
2026-07-26 21:51:48,767 INFO o.a.j.r.p.AbstractSampleConsumer: class org.apache.jmeter.report.processor.FilterConsumer#stopProducing(): nameFilter produced 3000 samples
2026-07-26 21:51:48,767 INFO o.a.j.r.p.AbstractSampleConsumer: class org.apache.jmeter.report.processor.FilterConsumer#stopProducing(): dateRangeFilter produced 600 samples
2026-07-26 21:51:48,767 INFO o.a.j.r.p.AbstractSampleConsumer: class org.apache.jmeter.report.processor.NormalizerSampleConsumer#stopProducing(): normalizer produced 200 samples
2026-07-26 21:51:48,768 INFO o.a.j.r.p.CsvFileSampleSource: produce(): 200 samples produced in 344ms on channel 0
2026-07-26 21:51:48,768 INFO o.a.j.r.d.ReportGenerator: Exporting data using exporter:'json' of className:'org.apache.jmeter.report.dashboard.JsonExporter'
2026-07-26 21:51:48,875 INFO o.a.j.r.d.JsonExporter: Found data for consumer statisticsSummary in context
2026-07-26 21:51:48,876 INFO o.a.j.r.d.JsonExporter: Creating statistics for overall
2026-07-26 21:51:48,876 INFO o.a.j.r.d.JsonExporter: Creating statistics for other transactions
2026-07-26 21:51:48,878 INFO o.a.j.r.d.JsonExporter: Checking output folder
2026-07-26 21:51:48,880 INFO o.a.j.r.d.JsonExporter: Writing statistics JSON to D:\Data andre\Kerja\Technical Test\Brighty\jmeter\report\statistics.json
2026-07-26 21:51:48,958 INFO o.a.j.r.d.ReportGenerator: Exporting data using exporter:'html' of className:'org.apache.jmeter.report.dashboard.HtmlTemplateExporter'
2026-07-26 21:51:48,963 INFO o.a.j.r.d.HtmlTemplateExporter: Will generate dashboard in folder: D:\Data andre\Kerja\Technical Test\Brighty\jmeter\report
2026-07-26 21:51:49,180 INFO o.a.j.r.d.HtmlTemplateExporter: Report will be generated in: D:\Data andre\Kerja\Technical Test\Brighty\jmeter\report, creating folder structure
2026-07-26 21:51:49,183 INFO o.a.j.r.d.TemplateVisitor: Copying folder from 'C:\apache-jmeter-5.6.3\bin\report-template' to 'D:\Data andre\Kerja\Technical Test\Brighty\jmeter\report', got message: D:\Data andre\Kerja\Technical Test\Brighty\jmeter\report, found non empty folder with following content [D:\Data andre\Kerja\Technical Test\Brighty\jmeter\report\statistics.json], will be ignored
